
> ai-code-review-dashboard@0.1.0 predev
> npm run sync:clerk-assets


> ai-code-review-dashboard@0.1.0 sync:clerk-assets
> node ../../tools/frontend/sync-clerk-assets.cjs

Synced Clerk assets to C:\Users\Ahmed Amin Bejoui\Desktop\ai-code-review-platform\apps\dashboard\public\vendor\clerk-js\current

> ai-code-review-dashboard@0.1.0 dev
> npm run clean:next && next dev -p 3001


> ai-code-review-dashboard@0.1.0 clean:next
> node ../../tools/frontend/reset-next-cache.cjs

⨯ Failed to start server
Error: listen EADDRINUSE: address already in use :::3001
    at <unknown> (Error: listen EADDRINUSE: address already in use :::3001)
    at new Promise (<anonymous>) {
  code: 'EADDRINUSE',
  errno: -4091,
  syscall: 'listen',
  address: '::',
  port: 3001
}
[?25h
